// Jest Snapshot v1, https://goo.gl/fbAQLP

exports[`Footer matches snapshot 1`] = `
Object {
  "asFragment": [Function],
  "baseElement": <body>
    <div>
      <footer
        class="bg-light text-center text-lg-start fixed-bottom"
      >
        <div
          class="text-center p-3"
        >
          © 2022 Copyright:
          <a
            class="text-dark"
            href="https://digitalfutures.com/"
          >
            Digital Future
          </a>
        </div>
        <div
          class="social"
        >
          <a
            href="https://digitalfutures.com/"
          >
            <i
              class="icon ion-social-instagram"
            />
          </a>
          <a
            href="https://digitalfutures.com/"
          >
            <i
              class="icon ion-social-snapchat"
            />
          </a>
          <a
            href="https://digitalfutures.com/"
          >
            <i
              class="icon ion-social-twitter"
            />
          </a>
          <a
            href="https://digitalfutures.com/"
          >
            <i
              class="icon ion-social-facebook"
            />
          </a>
        </div>
      </footer>
    </div>
  </body>,
  "container": <div>
    <footer
      class="bg-light text-center text-lg-start fixed-bottom"
    >
      <div
        class="text-center p-3"
      >
        © 2022 Copyright:
        <a
          class="text-dark"
          href="https://digitalfutures.com/"
        >
          Digital Future
        </a>
      </div>
      <div
        class="social"
      >
        <a
          href="https://digitalfutures.com/"
        >
          <i
            class="icon ion-social-instagram"
          />
        </a>
        <a
          href="https://digitalfutures.com/"
        >
          <i
            class="icon ion-social-snapchat"
          />
        </a>
        <a
          href="https://digitalfutures.com/"
        >
          <i
            class="icon ion-social-twitter"
          />
        </a>
        <a
          href="https://digitalfutures.com/"
        >
          <i
            class="icon ion-social-facebook"
          />
        </a>
      </div>
    </footer>
  </div>,
  "debug": [Function],
  "findAllByAltText": [Function],
  "findAllByDisplayValue": [Function],
  "findAllByLabelText": [Function],
  "findAllByPlaceholderText": [Function],
  "findAllByRole": [Function],
  "findAllByTestId": [Function],
  "findAllByText": [Function],
  "findAllByTitle": [Function],
  "findByAltText": [Function],
  "findByDisplayValue": [Function],
  "findByLabelText": [Function],
  "findByPlaceholderText": [Function],
  "findByRole": [Function],
  "findByTestId": [Function],
  "findByText": [Function],
  "findByTitle": [Function],
  "getAllByAltText": [Function],
  "getAllByDisplayValue": [Function],
  "getAllByLabelText": [Function],
  "getAllByPlaceholderText": [Function],
  "getAllByRole": [Function],
  "getAllByTestId": [Function],
  "getAllByText": [Function],
  "getAllByTitle": [Function],
  "getByAltText": [Function],
  "getByDisplayValue": [Function],
  "getByLabelText": [Function],
  "getByPlaceholderText": [Function],
  "getByRole": [Function],
  "getByTestId": [Function],
  "getByText": [Function],
  "getByTitle": [Function],
  "queryAllByAltText": [Function],
  "queryAllByDisplayValue": [Function],
  "queryAllByLabelText": [Function],
  "queryAllByPlaceholderText": [Function],
  "queryAllByRole": [Function],
  "queryAllByTestId": [Function],
  "queryAllByText": [Function],
  "queryAllByTitle": [Function],
  "queryByAltText": [Function],
  "queryByDisplayValue": [Function],
  "queryByLabelText": [Function],
  "queryByPlaceholderText": [Function],
  "queryByRole": [Function],
  "queryByTestId": [Function],
  "queryByText": [Function],
  "queryByTitle": [Function],
  "rerender": [Function],
  "unmount": [Function],
}
`;
